// Jest Snapshot v1, https://goo.gl/fbAQLP

exports[`Header component matches a snapshot 1`] = `
<header>
  <h1>
    Ryan and Marty Characters
  </h1>
  <nav>
    <ul>
      <li>
        <Link
          to="/"
        >
          Back to List
        </Link>
      </li>
    </ul>
  </nav>
</header>
`;
