// Jest Snapshot v1, https://goo.gl/fbAQLP

exports[`CharactersList component matches a snapshot 1`] = `
<div
  className="CharactersArray"
>
  <div>
    <button
      onClick={[Function]}
      value="prev"
    >
      Previous
    </button>
    <p>
      1
    </p>
    <button
      onClick={[Function]}
      value="next"
    >
      Next
    </button>
  </div>
</div>
`;
